// Jest Snapshot v1, https://goo.gl/fbAQLP

exports[`First Snapshot test app should render correctly 1`] = `
Array [
  <header
    className="sc-bxivhb bUZGRr"
  >
    <h1
      className="sc-ifAKCX hVeHwL"
    >
      Todo List
    </h1>
  </header>,
  <form
    className="sc-EHOje iJkfhn"
    onSubmit={[Function]}
  >
    <input
      className="sc-htoDjs QZhGa"
      onChange={[Function]}
      placeholder="Enter Todo"
      required={true}
      type="text"
      value=""
    />
    <button
      className="sc-dnqmqq qfvou"
      data-type="add-button"
      type="submit"
    >
      <svg
        aria-hidden="true"
        className="StyledIconBase-sc-bdy9j4 jbPeIR sc-htpNat dPFygr"
        fill="currentColor"
        focusable="false"
        viewBox="0 0 24 24"
        xmlns="http://www.w3.org/2000/svg"
      >
        <path
          d="M19 13h-6v6h-2v-6H5v-2h6V5h2v6h6v2z"
        />
        <path
          d="M0 0h24v24H0z"
          fill="none"
        />
      </svg>
    </button>
  </form>,
  <section
    className="sc-bZQynM dxNOjd"
  />,
]
`;

exports[`First Snapshot test should render TodoForm correctly 1`] = `ShallowWrapper {}`;

exports[`First Snapshot test should render header correctly 1`] = `ShallowWrapper {}`;
